// Jest Snapshot v1, https://goo.gl/fbAQLP

exports[`CourseConfig E2E PUT-REQUEST of CourseConfigController (e2e) (PUT) courses/{courseId}/config/admission-from-previous-semester Empty array -> Clears existing data 1`] = `
{
  "matrNrs": [],
  "participants": [],
}
`;

exports[`CourseConfig E2E PUT-REQUEST of CourseConfigController (e2e) (PUT) courses/{courseId}/config/admission-from-previous-semester With matrNrs -> Returns DTO 1`] = `
{
  "matrNrs": [
    123456,
    111111,
  ],
  "participants": [
    {
      "displayName": "Max Mustermann",
      "email": "max.mustermann@test.com",
      "group": {
        "hasPassword": true,
        "id": "b4f24e81-dfa4-4641-af80-8e34e02d9c4a",
        "isClosed": false,
        "name": "Testgroup 1",
      },
      "groupId": "b4f24e81-dfa4-4641-af80-8e34e02d9c4a",
      "matrNr": 123456,
      "role": "STUDENT",
      "userId": "a019ea22-5194-4b83-8d31-0de0dc9bca53",
      "username": "mmustermann",
    },
    {
      "displayName": "Hans Peter",
      "email": "hans.peter@test.com",
      "group": {
        "hasPassword": true,
        "id": "b4f24e81-dfa4-4641-af80-8e34e02d9c4a",
        "isClosed": false,
        "name": "Testgroup 1",
      },
      "groupId": "b4f24e81-dfa4-4641-af80-8e34e02d9c4a",
      "matrNr": 111111,
      "role": "STUDENT",
      "userId": "40f59aad-7473-4455-a3ea-1214f19b2565",
      "username": "hpeter",
    },
  ],
}
`;
